Component: ARM Compiler 6.10.1 Tool: armlink [5d142800]

==============================================================================

Section Cross References

    startup_1.o(RESET) refers to startup_1.o(STACK) for __initial_sp
    startup_1.o(RESET) refers to startup_1.o(.text) for Reset_Handler
    startup_1.o(.text) refers to myprog_18_4.o(MyCode) for MyProg
    myprog_18_4.o(MyCode) refers to myprog_18_4.o(myROMdata) for ROM_X
    myprog_18_4.o(MyCode) refers to myprog_18_4.o(MyData) for Array_DST


==============================================================================

Image Symbol Table

    Local Symbols

    Symbol Name                              Value     Ov Type        Size  Object(Section)

    RESET                                    0x00000000   Section       12  startup_1.o(RESET)
    MyProg_18_4.s                            0x00000000   Number         0  myprog_18_4.o ABSOLUTE
    StartUp_1.s                              0x00000000   Number         0  startup_1.o ABSOLUTE
    .text                                    0x0000000c   Section       12  startup_1.o(.text)
    $v0                                      0x0000000c   Number         0  startup_1.o(.text)
    MyCode                                   0x00000018   Section      128  myprog_18_4.o(MyCode)
    $v0                                      0x00000018   Number         0  myprog_18_4.o(MyCode)
    Copy_Array_Sort                          0x00000031   Thumb Code    24  myprog_18_4.o(MyCode)
    Copy_Matrix                              0x00000049   Thumb Code    16  myprog_18_4.o(MyCode)
    Sort_Array_Max_Min                       0x00000067   Thumb Code    40  myprog_18_4.o(MyCode)
    loop                                     0x0000008f   Thumb Code     4  myprog_18_4.o(MyCode)
    myROMdata                                0x000000a0   Section       16  myprog_18_4.o(myROMdata)
    ROM_X                                    0x000000a0   Data          16  myprog_18_4.o(myROMdata)
    MyData                                   0x20000000   Section        8  myprog_18_4.o(MyData)
    Array_DST                                0x20000000   Data           8  myprog_18_4.o(MyData)
    STACK                                    0x20000008   Section     1024  startup_1.o(STACK)
    __initial_sp                             0x20000408   Data           0  startup_1.o(STACK)

    Global Symbols

    Symbol Name                              Value     Ov Type        Size  Object(Section)

    BuildAttributes$$THM_ISAv4$E$P$D$K$B$S$7EM$VFPi3$EXTD16$VFPS$VFMA$PE$A:L22UL41UL21$X:L11$S22US41US21$IEEE1$~IW$USESV6$~STKCKD$USESV7$~SHL$OSPACE$EBA8$STANDARDLIB$PRES8$EABIv2 0x00000000   Number         0  anon$$obj.o ABSOLUTE
    __Vectors                                0x00000000   Data           4  startup_1.o(RESET)
    Reset_Handler                            0x0000000d   Thumb Code     4  startup_1.o(.text)
    __Vectors_End                            0x0000000c   Data           0  startup_1.o(RESET)
    __Vectors_Size                           0x0000000c   Number         0  startup_1.o ABSOLUTE
    NMI_Handler                              0x00000011   Thumb Code     2  startup_1.o(.text)
    MyProg                                   0x00000019   Thumb Code    24  myprog_18_4.o(MyCode)



==============================================================================

Memory Map of the image

  Image Entry point : 0x0000000d

  Load Region LR_1 (Base: 0x00000000, Size: 0x000000b8, Max: 0xffffffff, ABSOLUTE)

    Execution Region ER_RO (Exec base: 0x00000000, Load base: 0x00000000, Size: 0x000000b0, Max: 0xffffffff, ABSOLUTE)

    Exec Addr    Load Addr    Size         Type   Attr      Idx    E Section Name        Object

    0x00000000   0x00000000   0x0000000c   Data   RO            2    RESET               startup_1.o
    0x0000000c   0x0000000c   0x0000000c   Code   RO            3  * .text               startup_1.o
    0x00000018   0x00000018   0x00000080   Code   RO           10  * MyCode              myprog_18_4.o
    0x00000098   0x00000098   0x00000008   PAD
    0x000000a0   0x000000a0   0x00000010   Data   RO            9    myROMdata           myprog_18_4.o


    Execution Region ER_RW (Exec base: 0x20000000, Load base: 0x000000b0, Size: 0x00000008, Max: 0xffffffff, ABSOLUTE)

    Exec Addr    Load Addr    Size         Type   Attr      Idx    E Section Name        Object

    0x20000000   0x000000b0   0x00000008   Data   RW           11    MyData              myprog_18_4.o


    Execution Region ER_ZI (Exec base: 0x20000008, Load base: 0x000000b8, Size: 0x00000400, Max: 0xffffffff, ABSOLUTE)

    Exec Addr    Load Addr    Size         Type   Attr      Idx    E Section Name        Object

    0x20000008        -       0x00000400   Zero   RW            1    STACK               startup_1.o


==============================================================================

Image component sizes


      Code (inc. data)   RO Data    RW Data    ZI Data      Debug   Object Name

       128          6         16          8          0        504   myprog_18_4.o
        12          6         12          0       1024        384   startup_1.o

    ----------------------------------------------------------------------
       148         20         28          8       1024        888   Object Totals
         0          0          0          0          0          0   (incl. Generated)
         8          8          0          0          0          0   (incl. Padding)

    ----------------------------------------------------------------------
         0          0          0          0          0          0   Library Totals
         0          0          0          0          0          0   (incl. Padding)

    ----------------------------------------------------------------------

==============================================================================


      Code (inc. data)   RO Data    RW Data    ZI Data      Debug   

       148         20         28          8       1024        788   Grand Totals
       148         20         28          8       1024        788   ELF Image Totals
       148         20         28          8          0          0   ROM Totals

==============================================================================

    Total RO  Size (Code + RO Data)                  176 (   0.17kB)
    Total RW  Size (RW Data + ZI Data)              1032 (   1.01kB)
    Total ROM Size (Code + RO Data + RW Data)        184 (   0.18kB)

==============================================================================

